## 案例
```
$ git clone https://github.com/feiskyer/linux-perf-examples
$ cd linux-perf-examples/mysql-slow
```
```
# 注意下面的随机字符串是容器ID，每次运行均会不同，并且你不需要关注它，因为我们只会用到名字
$ make run
docker run --name=mysql -itd -p 10000:80 -m 800m feisky/mysql:5.6
WARNING: Your kernel does not support swap limit capabilities or the cgroup is not mounted. Memory limited without swap.
4156780da5be0b9026bcf27a3fa56abc15b8408e358fa327f472bcc5add4453f
docker run --name=dataservice -itd --privileged feisky/mysql-dataservice
f724d0816d7e47c0b2b1ff701e9a39239cb9b5ce70f597764c793b68131122bb
docker run --name=app --network=container:mysql -itd feisky/mysql-slow
81d3392ba25bb8436f6151662a13ff6182b6bc6f2a559fc2e9d873cd07224ab6
```
```
$ docker ps
CONTAINER ID        IMAGE                      COMMAND                  CREATED             STATUS              PORTS                             NAMES
9a4e3c580963        feisky/mysql-slow          "python /app.py"         42 seconds ago      Up 36 seconds                                         app
2a47aab18082        feisky/mysql-dataservice   "python /dataservice…"   46 seconds ago      Up 41 seconds                                         dataservice
4c3ff7b24748        feisky/mysql:5.6           "docker-entrypoint.s…"   47 seconds ago      Up 46 seconds       3306/tcp, 0.0.0.0:10000->80/tcp   mysql
```
```
$ docker logs -f mysql
...
... [Note] mysqld: ready for connections.
Version: '5.6.42-log'  socket: '/var/run/mysqld/mysqld.sock'  port: 3306  MySQL Community Server (GPL)
```
```
$ curl http://127.0.0.1:10000/
Index Page
```
```
$ make init
docker exec -i mysql mysql -uroot -P3306 < tables.sql
curl http://127.0.0.1:10000/db/insert/products/10000
insert 10000 lines
```
```
$ curl http://192.168.0.10:10000/products/geektime
Got data: () in 15.364538192749023 sec
```
```
$ while true; do curl http://192.168.0.10:10000/products/geektime; sleep 5; done
```
```
$ top
top - 12:02:15 up 6 days,  8:05,  1 user,  load average: 0.66, 0.72, 0.59
Tasks: 137 total,   1 running,  81 sleeping,   0 stopped,   0 zombie
%Cpu0  :  0.7 us,  1.3 sy,  0.0 ni, 35.9 id, 62.1 wa,  0.0 hi,  0.0 si,  0.0 st
%Cpu1  :  0.3 us,  0.7 sy,  0.0 ni, 84.7 id, 14.3 wa,  0.0 hi,  0.0 si,  0.0 st
KiB Mem :  8169300 total,  7238472 free,   546132 used,   384696 buff/cache
KiB Swap:        0 total,        0 free,        0 used.  7316952 avail Mem

  PID USER      PR  NI    VIRT    RES    SHR S  %CPU %MEM     TIME+ COMMAND
27458 999       20   0  833852  57968  13176 S   1.7  0.7   0:12.40 mysqld
27617 root      20   0   24348   9216   4692 S   1.0  0.1   0:04.40 python
 1549 root      20   0  236716  24568   9864 S   0.3  0.3  51:46.57 python3
22421 root      20   0       0      0      0 I   0.3  0.0   0:01.16 kworker/u
```
```
$ iostat -d -x 1
Device            r/s     w/s     rkB/s     wkB/s   rrqm/s   wrqm/s  %rrqm  %wrqm r_await w_await aqu-sz rareq-sz wareq-sz  svctm  %util
...
sda            273.00    0.00  32568.00      0.00     0.00     0.00   0.00   0.00    7.90    0.00   1.16   119.30     0.00   3.56  97.20
```
```
# -d选项表示展示进程的I/O情况
$ pidstat -d 1
12:04:11      UID       PID   kB_rd/s   kB_wr/s kB_ccwr/s iodelay  Command
12:04:12      999     27458  32640.00      0.00      0.00       0  mysqld
12:04:12        0     27617      4.00      4.00      0.00       3  python
12:04:12        0     27864      0.00      4.00      0.00       0  systemd-journal
```
慢查询的现象大多是 CPU 使用率高（比如 100% ），但这里看到的却是 I/O 问题。看来，这并不是一个单纯的慢查询问题，我们有必要分析一下 MySQL 读取的数据。
要分析进程的数据读取，当然还要靠上一节用到过的 strace+ lsof 组合。接下来，还是在终端一中，执行 strace 命令，并且指定 mysqld 的进程号 27458。我们知道，MySQL 是一个多线程的数据库应用，为了不漏掉这些线程的数据读取情况，你要记得在执行 stace 命令时，加上 -f 参数：
```
$ strace -f -p 27458
[pid 28014] read(38, "934EiwT363aak7VtqF1mHGa4LL4Dhbks"..., 131072) = 131072
[pid 28014] read(38, "hSs7KBDepBqA6m4ce6i6iUfFTeG9Ot9z"..., 20480) = 20480
[pid 28014] read(38, "NRhRjCSsLLBjTfdqiBRLvN9K6FRfqqLm"..., 131072) = 131072
[pid 28014] read(38, "AKgsik4BilLb7y6OkwQUjjqGeCTQTaRl"..., 24576) = 24576
[pid 28014] read(38, "hFMHx7FzUSqfFI22fQxWCpSnDmRjamaW"..., 131072) = 131072
[pid 28014] read(38, "ajUzLmKqivcDJSkiw7QWf2ETLgvQIpfC"..., 20480) = 20480
```
```
$ lsof -p 28014//错误
```
奇怪的是，lsof 并没有给出任何输出。实际上，如果你查看 lsof 命令的返回值，就会发现，这个命令的执行失败了。我们知道，在 SHELL 中，特殊标量 $? 表示上一条命令退出时的返回值。查看这个特殊标量，你会发现它的返回值是 1。可是别忘了，在 Linux 中，返回值为 0 ，才表示命令执行成功。返回值为 1，显然表明执行失败。
```
$ echo $?
1
```
```
# -t表示显示线程，-a表示显示命令行参数
$ pstree -t -a -p 27458
mysqld,27458 --log_bin=on --sync_binlog=1
...
  ├─{mysqld},27922
  ├─{mysqld},27923
  └─{mysqld},28014
```
```
$ lsof -p 27458
COMMAND  PID USER   FD   TYPE DEVICE SIZE/OFF NODE NAME
...
​mysqld  27458      999   38u   REG    8,1 512440000 2601895 /var/lib/mysql/test/products.MYD
```
这次我们得到了 lsof 的输出。从输出中可以看到， mysqld 进程确实打开了大量文件，而根据文件描述符（FD）的编号，我们知道，描述符为 38 的是一个路径为 /var/lib/mysql/test/products.MYD 的文件。这里注意， 38 后面的 u 表示， mysqld 以读写的方式访问文件。
这个文件告诉我们，mysqld 在读取数据库 test 中的 products 表。
```
$ docker exec -it mysql ls /var/lib/mysql/test/
db.opt    products.MYD  products.MYI  products.frm
```
```
* MYD 文件用来存储表的数据；
* MYI 文件用来存储表的索引；
* frm 文件用来存储表的元信息（比如表结构）；
* opt 文件则用来存储数据库的元信息（比如字符集、字符校验规则等）。
```
```
$ docker exec -i -t mysql mysql -e 'show global variables like "%datadir%";'
+---------------+-----------------+
| Variable_name | Value           |
+---------------+-----------------+
| datadir       | /var/lib/mysql/ |
+---------------+-----------------+
```
```
$ docker exec -i -t mysql mysql
...
​
Type 'help;' or '\h' for help. Type '\c' to clear the current input statement.
​
mysql>
```
```
mysql> show full processlist;
+----+------+-----------------+------+---------+------+--------------+-----------------------------------------------------+
| Id | User | Host            | db   | Command | Time | State        | Info                                                |
+----+------+-----------------+------+---------+------+--------------+-----------------------------------------------------+
| 27 | root | localhost       | test | Query   |    0 | init         | show full processlist                               |
| 28 | root | 127.0.0.1:42262 | test | Query   |    1 | Sending data | select * from products where productName='geektime' |
+----+------+-----------------+------+---------+------+--------------+-----------------------------------------------------+
2 rows in set (0.00 sec)
```
```
* db 表示数据库的名字；
* Command 表示 SQL 类型；
* Time 表示执行时间；
* State 表示状态；
* 而 Info 则包含了完整的 SQL 语句。
```
```
# 切换到test库
mysql> use test;
# 执行explain命令
mysql> explain select * from products where productName='geektime';
+----+-------------+----------+------+---------------+------+---------+------+-------+-------------+
| id | select_type | table    | type | possible_keys | key  | key_len | ref  | rows  | Extra       |
+----+-------------+----------+------+---------------+------+---------+------+-------+-------------+
|  1 | SIMPLE      | products | ALL  | NULL          | NULL | NULL    | NULL | 10000 | Using where |
+----+-------------+----------+------+---------------+------+---------+------+-------+-------------+
1 row in set (0.00 sec)
```
* select_type 表示查询类型，而这里的 SIMPLE 表示此查询不包括 UNION 查询或者子查询；
* table 表示数据表的名字，这里是 products；
* type 表示查询类型，这里的 ALL 表示全表查询，但索引查询应该是 index 类型才对；
* possible_keys 表示可能选用的索引，这里是 NULL；
* key 表示确切会使用的索引，这里也是 NULL；
* rows 表示查询扫描的行数，这里是 10000。

```
mysql> show create table products;
...
| products | CREATE TABLE `products` (
  `id` int(11) NOT NULL,
  `productCode` text NOT NULL COMMENT '产品代码',
  `productName` text NOT NULL COMMENT '产品名称',
...
  PRIMARY KEY (`id`)
) ENGINE=MyISAM DEFAULT CHARSET=utf8 ROW_FORMAT=DYNAMIC |
...
```
```
mysql> CREATE INDEX products_index ON products (productName);
ERROR 1170 (42000): BLOB/TEXT column 'productName' used in key specification without a key length
```
```
mysql> CREATE INDEX products_index ON products (productName(64));
Query OK, 10000 rows affected (14.45 sec)
Records: 10000  Duplicates: 0  Warnings: 0
```
```
Got data: ()in 15.383180141448975 sec
Got data: ()in 15.384996891021729 sec
Got data: ()in 0.0021054744720458984 sec
Got data: ()in 0.003951072692871094 sec
```
```
# 删除索引
$ docker exec -i -t mysql mysql
​
mysql> use test;
mysql> DROP INDEX products_index ON products;
```
```
$ while true; do curl http://192.168.0.10:10000/products/geektime; sleep 5; done
Got data: ()in 16.884345054626465 sec
```
```
# 停止 DataService 应用
$ docker rm -f dataservice
```
```
Got data: ()in 16.884345054626465 sec
Got data: ()in 15.238174200057983 sec
Got data: ()in 0.12604427337646484 sec
Got data: ()in 0.1101069450378418 sec
Got data: ()in 0.11235237121582031 sec
```
```
$ vmstat 1
procs -----------memory---------- ---swap-- -----io---- -system-- ------cpu-----
 r  b   swpd   free   buff  cache   si   so    bi    bo   in   cs us sy id wa st
 0  1      0 6809304   1368 856744    0    0 32640     0   52  478  1  0 50 49  0
 0  1      0 6776620   1368 889456    0    0 32640     0   33  490  0  0 50 49  0
 0  0      0 6747540   1368 918576    0    0 29056     0   42  568  0  0 56 44  0
 0  0      0 6747540   1368 918576    0    0     0     0   40  141  1  0 100  0  0
 0  0      0 6747160   1368 918576    0    0     0     0   40  148  0  1 99  0  0
 ```

 ## 发现精选留言
 >这个地方因为之前了解过，所以来打个卡，这个算法在高性能mysql里有介绍，叫最优前缀.有时候需要索引很长的字符列，这会让索引变得大且慢。通常可以索引开始的部分字符，这样可以大大节约索引空间，从而提高索引效率。但这样也会降低索引的选择性。索引的选择性是指不重复的索引值（也称为基数，cardinality)和数据表的记录总数的比值，范围从1/#T到1之间。索引的选择性越高则查询效率越高，因为选择性高的索引可以让MySQL在查找时过滤掉更多的行。唯一索引的选择性是1，这是最好的索引选择性，性能也是最好的。一般情况下某个前缀的选择性也是足够高的，足以满足查询性能。对于BLOB，TEXT，或者很长的VARCHAR类型的列，必须使用前缀索引，因为MySQL不允许索引这些列的完整长度。诀窍在于要选择足够长的前缀以保证较高的选择性，同时又不能太长（以便节约空间）。前缀应该足够长，以使得前缀索引的选择性接近于索引的整个列。换句话说，前缀的”基数“应该接近于完整的列的”基数“。select count(distinct city)/count(*) from city_demo; 根据这个算出一个比例，然后 count(distinct left(city,3)) 把这个3逐渐的加大，一直到算出来的数值接近上面的比例，这样算出来的前缀索引是性能最好的。

 >echo 1>/proc/sys/vm/drop_caches表示释放pagecache，也就是文件缓存，而mysql读书的数据就是文件缓存，dataservice不停的释放文件缓存，就导致MySQL都无法利用磁盘缓存，也就慢了～
